

HI-TECH Software 8051 Macro Assembler V9.60                                Page 1
                                                       Thu May 08 19:18:54 2025

     1                           	psect	idata,class=DATA,space=1,limit=080h
     2                           	psect	irdata,class=DATA,limit=080h
     3                           	global	_write
     4                           	signat	_write,4216
     5                           	global	stack_internal
     6                           	psect	text,class=CODE
     7                           	psect	text
     8                           	file	"C:\Users\user\DOCUME~1\NATION~1\CIRCUI~1.
                                 0\MCUWOR~1\name2\project1\main.c"
     9                           	line	2
    10  00110                     _write:
    11  00110  80 0B              	j	f1411
    12  00112                     f1410:
    13                           ;main.c: 2: void write (char w){
    14                           
    15                           ;main.c: 3: P22 = 0;
    16                           
    17                           	line	3
    18  00112  C2 A2              	clr	p2.2
    19                           ;main.c: 4: P21 = 1;
    20                           
    21                           	line	4
    22  00114  D2 A1              	setb	p2.1
    23                           ;main.c: 5: P0 = w;
    24                           
    25                           	line	5
    26  00116  8D 80              	mov	080h,r5
    27                           ;main.c: 7: P20 = 1;
    28                           
    29                           	line	7
    30  00118  D2 A0              	setb	p2.0
    31                           ;main.c: 8: P20 = 0;
    32                           
    33                           	line	8
    34  0011A  C2 A0              	clr	p2.0
    35                           ;main.c: 9: }
    36                           
    37                           	line	9
    38  0011C                     l2:
    39  0011C  22                 	ret
    40  0011D                     f1411:
    41  0011D  80 F3              	j	f1410
    42  0000                     f1412	equ	0
    43                           ;	param _w assigned to r5 on entry
    44                           	global	_display
    45                           	signat	_display,4216
    46                           	line	11
    47  0011F                     _display:
    48  0011F  80 0B              	j	f1421
    49  00121                     f1420:
    50                           ;main.c: 11: void display (char w){
    51                           
    52                           ;main.c: 12: P22 = 0;
    53                           
    54                           	line	12
    55  00121  C2 A2              	clr	p2.2
    56                           ;main.c: 13: P21 = 0;
    57                           
    58                           	line	13
    59  00123  C2 A1              	clr	p2.1
    60                           ;main.c: 14: P0 = w;
    61                           
    62                           	line	14
    63  00125  8D 80              	mov	080h,r5
    64                           ;main.c: 16: P20 = 1;
    65                           
    66                           	line	16
    67  00127  D2 A0              	setb	p2.0
    68                           ;main.c: 17: P20 = 0;
    69                           
    70                           	line	17
    71  00129  C2 A0              	clr	p2.0
    72                           ;main.c: 18: }
    73                           
    74                           	line	18
    75  0012B                     l3:
    76  0012B  22                 	ret
    77  0012C                     f1421:
    78  0012C  80 F3              	j	f1420
    79  0000                     f1422	equ	0
    80                           	global	_main
    81                           	signat	_main,88
    82                           	line	21
    83  0012E                     _main:
    84  0012E  02 0322            	j	f1431
    85  00131                     f1430:
    86                           ;main.c: 20: void main()
    87                           
    88                           ;main.c: 21: {
    89                           
    90                           ;	var   _n assigned to ?a_main+0
    91                           ;main.c: 22: int n = 0;
    92                           
    93                           	line	22
    94  00131  E4                 	clr	a
    95  00132  F5 20              	mov	?a_main+0,a
    96  00134  F5 21              	mov	?a_main+0+1,a
    97                           ;	var   _i assigned to ?a_main+2
    98                           ;main.c: 23: int i = 0;
    99                           
   100                           	line	23
   101  00136  E4                 	clr	a
   102  00137  F5 22              	mov	?a_main+2,a
   103  00139  F5 23              	mov	?a_main+2+1,a
   104                           ;	var   _j assigned to ?a_main+4
   105                           ;main.c: 24: int j = 0;
   106                           
   107                           	line	24
   108  0013B  E4                 	clr	a
   109  0013C  F5 24              	mov	?a_main+4,a
   110  0013E  F5 25              	mov	?a_main+4+1,a
   111                           ;	var   _buf assigned to ?a_main+6
   112                           ;main.c: 25: int buf = 0;
   113                           
   114                           	line	25
   115  00140  E4                 	clr	a
   116  00141  F5 26              	mov	?a_main+6,a
   117  00143  F5 27              	mov	?a_main+6+1,a
   118                           ;	var   _str assigned to ?a_main+8
   119                           ;main.c: 26: unsigned char *str="Hello!";
   120                           
   121                           	line	26
   122  00145  75 28  01          	mov	?a_main+8,#high(0+u19)
   123  00148  75 29  09          	mov	?a_main+8+1,#low(0+u19)
   124                           ;	var   _str2 assigned to ?a_main+10
   125                           ;main.c: 27: unsigned char *str2="2nd line";
   126                           
   127                           	line	27
   128  0014B  75 2A  01          	mov	?a_main+10,#high(0+u29)
   129  0014E  75 2B  00          	mov	?a_main+10+1,#low(0+u29)
   130                           ;main.c: 28: display(0xC0);
   131                           
   132                           	FNCALL	_main,_display
   133                           	line	28
   134  00151  7D C0              	mov	r5,#-64
   135  00153  12 011F            	lcall	_display
   136                           
   137                           ;main.c: 29: n = 8;
   138                           
   139                           	line	29
   140  00156  75 20  00          	mov	?a_main+0,#high(8)
   141  00159  75 21  08          	mov	?a_main+0+1,#low(8)
   142                           ;main.c: 30: for(i = 0; i<6; i++){
   143                           
   144                           	line	30
   145  0015C  E4                 	clr	a
   146  0015D  F5 22              	mov	?a_main+2,a
   147  0015F  F5 23              	mov	?a_main+2+1,a
   148  00161  E5 23              	mov	a,?a_main+2+1
   149  00163  24 FA              	add	a,#low -(6)
   150  00165  E5 22              	mov	a,?a_main+2
   151  00167  64 80              	xrl	a,#80h
   152  00169  34 7F              	addc	a,#(high -(6))xor 80h
   153  0016B  50 02              	bnc	u11
   154  0016D  80 02              	jmp	u10
   155  0016F                     u11:
   156  0016F  80 02              	jmp	l5
   157  00171                     u10:
   158  00171  80 2F              	jmp	l6
   159  00173                     l5:
   160                           ;main.c: 31: write(str [i]);
   161                           
   162                           	FNCALL	_main,_write
   163                           	line	31
   164  00173  E5 23              	mov	a,?a_main+2+1
   165  00175  25 29              	add	a,?a_main+8+1
   166  00177  F5 82              	mov	dpl,a
   167  00179  E5 22              	mov	a,?a_main+2
   168  0017B  35 28              	addc	a,?a_main+8
   169  0017D  F5 83              	mov	dph,a
   170                           	global	ldc_r5
   171  0017F  12 004F            	call	ldc_r5
   172  00182  12 0110            	lcall	_write
   173                           
   174                           ;main.c: 32: write (' ');
   175                           
   176                           	line	32
   177  00185  7D 20              	mov	r5,#32
   178  00187  12 0110            	lcall	_write
   179                           
   180                           	line	30
   181  0018A  05 23              	inc	?a_main+2+1
   182  0018C  E5 23              	mov	a,?a_main+2+1
   183  0018E  70 02              	jnz	u20
   184  00190  05 22              	inc	?a_main+2
   185  00192                     u20:
   186  00192  E5 23              	mov	a,?a_main+2+1
   187  00194  24 FA              	add	a,#low -(6)
   188  00196  E5 22              	mov	a,?a_main+2
   189  00198  64 80              	xrl	a,#80h
   190  0019A  34 7F              	addc	a,#(high -(6))xor 80h
   191  0019C  50 02              	bnc	u31
   192  0019E  80 02              	jmp	u30
   193  001A0                     u31:
   194  001A0  80 D1              	jmp	l5
   195  001A2                     u30:
   196  001A2                     l6:
   197                           ;main.c: 33: }
   198                           
   199                           ;main.c: 34: display (0x04);
   200                           
   201                           	line	34
   202  001A2  7D 04              	mov	r5,#4
   203  001A4  12 011F            	lcall	_display
   204                           
   205                           ;main.c: 35: while (1) {
   206                           
   207                           	line	35
   208  001A7                     l9:
   209                           ;main.c: 36: if (j < n) {
   210                           
   211                           	line	36
   212  001A7  C3                 	clr	c
   213  001A8  E5 25              	mov	a,?a_main+4+1
   214  001AA  95 21              	subb	a,?a_main+0+1
   215  001AC  85 20  F0          	mov	b,?a_main+0
   216  001AF  63 F0 80           	xrl	b,#80h
   217  001B2  E5 24              	mov	a,?a_main+4
   218  001B4  64 80              	xrl	a,#80h
   219  001B6  95 F0              	subb	a,b
   220  001B8  50 02              	bnc	u41
   221  001BA  80 02              	jmp	u40
   222  001BC                     u41:
   223  001BC  80 49              	jmp	l11
   224  001BE                     u40:
   225                           ;main.c: 37: display (0x94);
   226                           
   227                           	line	37
   228  001BE  7D 94              	mov	r5,#-108
   229  001C0  12 011F            	lcall	_display
   230                           
   231                           ;main.c: 38: for (i = 0; i <= j; i++)
   232                           
   233                           	line	38
   234  001C3  E4                 	clr	a
   235  001C4  F5 22              	mov	?a_main+2,a
   236  001C6  F5 23              	mov	?a_main+2+1,a
   237  001C8  80 23              	jmp	l15
   238                           	line	39
   239  001CA                     l12:
   240                           ;main.c: 39: write (str2[j - i]);
   241                           
   242  001CA  E5 25              	mov	a,?a_main+4+1
   243  001CC  C3                 	clr	c
   244  001CD  95 23              	subb	a,?a_main+2+1
   245  001CF  FD                 	mov	r5,a
   246  001D0  E5 24              	mov	a,?a_main+4
   247  001D2  95 22              	subb	a,?a_main+2
   248  001D4  FC                 	mov	r4,a
   249  001D5  ED                 	mov	a,r5
   250  001D6  25 2B              	add	a,?a_main+10+1
   251  001D8  F5 82              	mov	dpl,a
   252  001DA  EC                 	mov	a,r4
   253  001DB  35 2A              	addc	a,?a_main+10
   254  001DD  F5 83              	mov	dph,a
   255                           	global	ldc_r5
   256  001DF  12 004F            	call	ldc_r5
   257  001E2  12 0110            	lcall	_write
   258                           
   259                           	line	38
   260  001E5  05 23              	inc	?a_main+2+1
   261  001E7  E5 23              	mov	a,?a_main+2+1
   262  001E9  70 02              	jnz	u50
   263  001EB  05 22              	inc	?a_main+2
   264  001ED                     u50:
   265  001ED                     l15:
   266  001ED  C3                 	clr	c
   267  001EE  E5 25              	mov	a,?a_main+4+1
   268  001F0  95 23              	subb	a,?a_main+2+1
   269  001F2  85 22  F0          	mov	b,?a_main+2
   270  001F5  63 F0 80           	xrl	b,#80h
   271  001F8  E5 24              	mov	a,?a_main+4
   272  001FA  64 80              	xrl	a,#80h
   273  001FC  95 F0              	subb	a,b
   274  001FE  50 02              	bnc	u61
   275  00200  80 02              	jmp	u60
   276  00202                     u61:
   277  00202  80 C6              	jmp	l12
   278  00204                     u60:
   279  00204                     l13:
   280                           ;main.c: 40: }
   281                           
   282                           	line	40
   283  00204  02 0316            	jmp	l16
   284                           	line	41
   285  00207                     l11:
   286                           ;main.c: 41: else if (j <= 19) {
   287                           
   288  00207  E5 25              	mov	a,?a_main+4+1
   289  00209  24 EC              	add	a,#low -(20)
   290  0020B  E5 24              	mov	a,?a_main+4
   291  0020D  64 80              	xrl	a,#80h
   292  0020F  34 7F              	addc	a,#(high -(20))xor 80h
   293  00211  40 02              	bc	u71
   294  00213  80 02              	jmp	u70
   295  00215                     u71:
   296  00215  80 60              	jmp	l17
   297  00217                     u70:
   298                           ;main.c: 42: display (0x94 - j + n - 1);
   299                           
   300                           	line	42
   301  00217  74 94              	mov	a,#-108
   302  00219  C3                 	clr	c
   303  0021A  95 25              	subb	a,?a_main+4+1
   304  0021C  FA                 	mov	r2,a
   305  0021D  E5 21              	mov	a,?a_main+0+1
   306  0021F  2A                 	add	a,r2
   307  00220  24 FF              	add	a,#-1
   308  00222  FD                 	mov	r5,a
   309  00223  12 011F            	lcall	_display
   310                           
   311                           ;main.c: 43: write (' ');
   312                           
   313                           	line	43
   314  00226  7D 20              	mov	r5,#32
   315  00228  12 0110            	lcall	_write
   316                           
   317                           ;main.c: 44: for (i = 0; i < n; i++)
   318                           
   319                           	line	44
   320  0022B  E4                 	clr	a
   321  0022C  F5 22              	mov	?a_main+2,a
   322  0022E  F5 23              	mov	?a_main+2+1,a
   323  00230  80 2B              	jmp	l21
   324                           	line	45
   325  00232                     l18:
   326                           ;main.c: 45: write (str2[n - i - 1]);
   327                           
   328  00232  E5 21              	mov	a,?a_main+0+1
   329  00234  C3                 	clr	c
   330  00235  95 23              	subb	a,?a_main+2+1
   331  00237  FD                 	mov	r5,a
   332  00238  E5 20              	mov	a,?a_main+0
   333  0023A  95 22              	subb	a,?a_main+2
   334  0023C  FC                 	mov	r4,a
   335  0023D  ED                 	mov	a,r5
   336  0023E  25 2B              	add	a,?a_main+10+1
   337  00240  FD                 	mov	r5,a
   338  00241  EC                 	mov	a,r4
   339  00242  35 2A              	addc	a,?a_main+10
   340  00244  FC                 	mov	r4,a
   341  00245  ED                 	mov	a,r5
   342  00246  24 FF              	add	a,#0FFh
   343  00248  F5 82              	mov	dpl,a
   344  0024A  EC                 	mov	a,r4
   345  0024B  34 FF              	addc	a,#0FFh
   346  0024D  F5 83              	mov	dph,a
   347                           	global	ldc_r5
   348  0024F  12 004F            	call	ldc_r5
   349  00252  12 0110            	lcall	_write
   350                           
   351                           	line	44
   352  00255  05 23              	inc	?a_main+2+1
   353  00257  E5 23              	mov	a,?a_main+2+1
   354  00259  70 02              	jnz	u80
   355  0025B  05 22              	inc	?a_main+2
   356  0025D                     u80:
   357  0025D                     l21:
   358  0025D  C3                 	clr	c
   359  0025E  E5 23              	mov	a,?a_main+2+1
   360  00260  95 21              	subb	a,?a_main+0+1
   361  00262  85 20  F0          	mov	b,?a_main+0
   362  00265  63 F0 80           	xrl	b,#80h
   363  00268  E5 22              	mov	a,?a_main+2
   364  0026A  64 80              	xrl	a,#80h
   365  0026C  95 F0              	subb	a,b
   366  0026E  40 02              	bc	u91
   367  00270  80 02              	jmp	u90
   368  00272                     u91:
   369  00272  80 BE              	jmp	l18
   370  00274                     u90:
   371  00274                     l19:
   372                           ;main.c: 46: }
   373                           
   374                           	line	46
   375  00274  02 0316            	jmp	l22
   376                           	line	47
   377  00277                     l17:
   378                           ;main.c: 47: else if (j - 20 < n) {
   379                           
   380  00277  E5 25              	mov	a,?a_main+4+1
   381  00279  24 EC              	add	a,#0ECh
   382  0027B  FD                 	mov	r5,a
   383  0027C  E5 24              	mov	a,?a_main+4
   384  0027E  34 FF              	addc	a,#0FFh
   385  00280  FC                 	mov	r4,a
   386  00281  C3                 	clr	c
   387  00282  ED                 	mov	a,r5
   388  00283  95 21              	subb	a,?a_main+0+1
   389  00285  85 20  F0          	mov	b,?a_main+0
   390  00288  63 F0 80           	xrl	b,#80h
   391  0028B  EC                 	mov	a,r4
   392  0028C  64 80              	xrl	a,#80h
   393  0028E  95 F0              	subb	a,b
   394  00290  50 02              	bnc	u101
   395  00292  80 02              	jmp	u100
   396  00294                     u101:
   397  00294  80 7A              	jmp	l23
   398  00296                     u100:
   399                           ;main.c: 48: buf = j - 20;
   400                           
   401                           	line	48
   402  00296  E5 25              	mov	a,?a_main+4+1
   403  00298  24 EC              	add	a,#0ECh
   404  0029A  F5 27              	mov	?a_main+6+1,a
   405  0029C  E5 24              	mov	a,?a_main+4
   406  0029E  34 FF              	addc	a,#0FFh
   407  002A0  F5 26              	mov	?a_main+6,a
   408                           ;main.c: 49: display (0x80 + n - buf - 1);
   409                           
   410                           	line	49
   411  002A2  E5 21              	mov	a,?a_main+0+1
   412  002A4  24 80              	add	a,#-128
   413  002A6  C3                 	clr	c
   414  002A7  95 27              	subb	a,?a_main+6+1
   415  002A9  24 FF              	add	a,#-1
   416  002AB  FD                 	mov	r5,a
   417  002AC  12 011F            	lcall	_display
   418                           
   419                           ;main.c: 50: write (' ');
   420                           
   421                           	line	50
   422  002AF  7D 20              	mov	r5,#32
   423  002B1  12 0110            	lcall	_write
   424                           
   425                           ;main.c: 51: for (i = 0; i < n - buf - 1; i++)
   426                           
   427                           	line	51
   428  002B4  E4                 	clr	a
   429  002B5  F5 22              	mov	?a_main+2,a
   430  002B7  F5 23              	mov	?a_main+2+1,a
   431  002B9  80 2B              	jmp	l27
   432                           	line	52
   433  002BB                     l24:
   434                           ;main.c: 52: write (str2[n - i - 1]);
   435                           
   436  002BB  E5 21              	mov	a,?a_main+0+1
   437  002BD  C3                 	clr	c
   438  002BE  95 23              	subb	a,?a_main+2+1
   439  002C0  FD                 	mov	r5,a
   440  002C1  E5 20              	mov	a,?a_main+0
   441  002C3  95 22              	subb	a,?a_main+2
   442  002C5  FC                 	mov	r4,a
   443  002C6  ED                 	mov	a,r5
   444  002C7  25 2B              	add	a,?a_main+10+1
   445  002C9  FD                 	mov	r5,a
   446  002CA  EC                 	mov	a,r4
   447  002CB  35 2A              	addc	a,?a_main+10
   448  002CD  FC                 	mov	r4,a
   449  002CE  ED                 	mov	a,r5
   450  002CF  24 FF              	add	a,#0FFh
   451  002D1  F5 82              	mov	dpl,a
   452  002D3  EC                 	mov	a,r4
   453  002D4  34 FF              	addc	a,#0FFh
   454  002D6  F5 83              	mov	dph,a
   455                           	global	ldc_r5
   456  002D8  12 004F            	call	ldc_r5
   457  002DB  12 0110            	lcall	_write
   458                           
   459                           	line	51
   460  002DE  05 23              	inc	?a_main+2+1
   461  002E0  E5 23              	mov	a,?a_main+2+1
   462  002E2  70 02              	jnz	u110
   463  002E4  05 22              	inc	?a_main+2
   464  002E6                     u110:
   465  002E6                     l27:
   466  002E6  E5 21              	mov	a,?a_main+0+1
   467  002E8  C3                 	clr	c
   468  002E9  95 27              	subb	a,?a_main+6+1
   469  002EB  FD                 	mov	r5,a
   470  002EC  E5 20              	mov	a,?a_main+0
   471  002EE  95 26              	subb	a,?a_main+6
   472  002F0  FC                 	mov	r4,a
   473  002F1  ED                 	mov	a,r5
   474  002F2  24 FF              	add	a,#0FFh
   475  002F4  FD                 	mov	r5,a
   476  002F5  EC                 	mov	a,r4
   477  002F6  34 FF              	addc	a,#0FFh
   478  002F8  FC                 	mov	r4,a
   479  002F9  C3                 	clr	c
   480  002FA  E5 23              	mov	a,?a_main+2+1
   481  002FC  9D                 	subb	a,r5
   482  002FD  8C F0              	mov	b,r4
   483  002FF  63 F0 80           	xrl	b,#80h
   484  00302  E5 22              	mov	a,?a_main+2
   485  00304  64 80              	xrl	a,#80h
   486  00306  95 F0              	subb	a,b
   487  00308  40 02              	bc	u121
   488  0030A  80 02              	jmp	u120
   489  0030C                     u121:
   490  0030C  80 AD              	jmp	l24
   491  0030E                     u120:
   492  0030E                     l25:
   493                           ;main.c: 53: }
   494                           
   495                           	line	53
   496  0030E  80 06              	jmp	l28
   497                           	line	54
   498  00310                     l23:
   499                           ;main.c: 54: else
   500                           
   501                           ;main.c: 55: j = -1;
   502                           
   503                           	line	55
   504  00310  75 24  FF          	mov	?a_main+4,#high(-1)
   505  00313  75 25  FF          	mov	?a_main+4+1,#low(-1)
   506  00316                     l28:
   507  00316                     l22:
   508  00316                     l16:
   509                           ;main.c: 57: j++;
   510                           
   511                           	line	57
   512  00316  05 25              	inc	?a_main+4+1
   513  00318  E5 25              	mov	a,?a_main+4+1
   514  0031A  70 02              	jnz	u130
   515  0031C  05 24              	inc	?a_main+4
   516  0031E                     u130:
   517                           	line	58
   518  0031E                     l8:
   519                           	line	35
   520  0031E  02 01A7            	jmp	l9
   521  00321                     l10:
   522                           ;main.c: 58: }
   523                           
   524                           ;main.c: 61: }
   525                           
   526                           	line	61
   527  00321                     l4:
   528  00321  22                 	ret
   529  00322                     f1431:
   530  00322  02 0131            	j	f1430
   531                           	FNSIZE	_main,12,0
   532                           	global	?a_main
   533  0000                     f1432	equ	0
   534                           	psect	strings,class=CODE
   535                           	psect	strings
   536  00100                     u29:
   537  00100  32 6E 64 20 6C 69  	db	"2nd line",0
              6E 65 00           
   538  00109                     u19:
   539  00109  48 65 6C 6C 6F 21  	db	"Hello!",0
              00                 
   540  0000                     _A10	equ	162
   541  0000                     _A11	equ	163
   542  0000                     _A12	equ	164
   543  0000                     _A13	equ	165
   544  0000                     _A14	equ	166
   545  0000                     _A15	equ	167
   546  0000                     _A8	equ	160
   547  0000                     _A9	equ	161
   548  0000                     _AC	equ	214
   549  0000                     _ACC0	equ	224
   550  0000                     _ACC1	equ	225
   551  0000                     _ACC2	equ	226
   552  0000                     _ACC3	equ	227
   553  0000                     _ACC4	equ	228
   554  0000                     _ACC5	equ	229
   555  0000                     _ACC6	equ	230
   556  0000                     _ACC7	equ	231
   557  0000                     _AD0	equ	128
   558  0000                     _AD1	equ	129
   559  0000                     _AD2	equ	130
   560  0000                     _AD3	equ	131
   561  0000                     _AD4	equ	132
   562  0000                     _AD5	equ	133
   563  0000                     _AD6	equ	134
   564  0000                     _AD7	equ	135
   565  0000                     _B0	equ	240
   566  0000                     _B1	equ	241
   567  0000                     _B2	equ	242
   568  0000                     _B3	equ	243
   569  0000                     _B4	equ	244
   570  0000                     _B5	equ	245
   571  0000                     _B6	equ	246
   572  0000                     _B7	equ	247
   573  0000                     _CY	equ	215
   574  0000                     _EA	equ	175
   575  0000                     _ES	equ	172
   576  0000                     _ET0	equ	169
   577  0000                     _ET1	equ	171
   578  0000                     _EX0	equ	168
   579  0000                     _EX1	equ	170
   580  0000                     _F0	equ	213
   581  0000                     _IE0	equ	137
   582  0000                     _IE1	equ	139
   583  0000                     _INT0	equ	178
   584  0000                     _INT1	equ	179
   585  0000                     _IT0	equ	136
   586  0000                     _IT1	equ	138
   587  0000                     _OV	equ	210
   588  0000                     _P	equ	208
   589  0000                     _P00	equ	128
   590  0000                     _P01	equ	129
   591  0000                     _P02	equ	130
   592  0000                     _P03	equ	131
   593  0000                     _P04	equ	132
   594  0000                     _P05	equ	133
   595  0000                     _P06	equ	134
   596  0000                     _P07	equ	135
   597  0000                     _P10	equ	144
   598  0000                     _P11	equ	145
   599  0000                     _P12	equ	146
   600  0000                     _P13	equ	147
   601  0000                     _P14	equ	148
   602  0000                     _P15	equ	149
   603  0000                     _P16	equ	150
   604  0000                     _P17	equ	151
   605  0000                     _P20	equ	160
   606  0000                     _P21	equ	161
   607  0000                     _P22	equ	162
   608  0000                     _P23	equ	163
   609  0000                     _P24	equ	164
   610  0000                     _P25	equ	165
   611  0000                     _P26	equ	166
   612  0000                     _P27	equ	167
   613  0000                     _P30	equ	176
   614  0000                     _P31	equ	177
   615  0000                     _P32	equ	178
   616  0000                     _P33	equ	179
   617  0000                     _P34	equ	180
   618  0000                     _P35	equ	181
   619  0000                     _P36	equ	182
   620  0000                     _P37	equ	183
   621  0000                     _PS	equ	188
   622  0000                     _PT0	equ	185
   623  0000                     _PT1	equ	187
   624  0000                     _PX0	equ	184
   625  0000                     _PX1	equ	186
   626  0000                     _RB8	equ	154
   627  0000                     _RD	equ	183
   628  0000                     _REN	equ	156
   629  0000                     _RI	equ	152
   630  0000                     _RS0	equ	211
   631  0000                     _RS1	equ	212
   632  0000                     _RXD	equ	176
   633  0000                     _SM0	equ	159
   634  0000                     _SM1	equ	158
   635  0000                     _SM2	equ	157
   636  0000                     _T0	equ	180
   637  0000                     _T1	equ	181
   638  0000                     _TB8	equ	155
   639  0000                     _TF0	equ	141
   640  0000                     _TF1	equ	143
   641  0000                     _TI	equ	153
   642  0000                     _TR0	equ	140
   643  0000                     _TR1	equ	142
   644  0000                     _TXD	equ	177
   645  0000                     _WR	equ	182
   646  0000                     _ACC	equ	224
   647  0000                     _B	equ	240
   648  0000                     _DPH	equ	131
   649  0000                     _DPL	equ	130
   650  0000                     _IE	equ	168
   651  0000                     _IP	equ	184
   652  0000                     _P0	equ	128
   653  0000                     _P1	equ	144
   654  0000                     _P2	equ	160
   655  0000                     _P3	equ	176
   656  0000                     _PCON	equ	135
   657  0000                     _PSW	equ	208
   658  0000                     _SBUF	equ	153
   659  0000                     _SCON	equ	152
   660  0000                     _SP	equ	129
   661  0000                     _TCON	equ	136
   662  0000                     _TH0	equ	140
   663  0000                     _TH1	equ	141
   664  0000                     _TL0	equ	138
   665  0000                     _TL1	equ	139
   666  0000                     _TMOD	equ	137
   667  0000                     _ACC_BITS	equ	224
   668  0000                     _B_BITS	equ	240
   669  0000                     _IE_BITS	equ	168
   670  0000                     _IP_BITS	equ	184
   671  0000                     _P0_BITS	equ	128
   672  0000                     _P1_BITS	equ	144
   673  0000                     _P2_BITS	equ	160
   674  0000                     _P3_BITS	equ	176
   675  0000                     _PCON_BITS	equ	135
   676  0000                     _PSW_BITS	equ	208
   677  0000                     _SCON_BITS	equ	152
   678  0000                     _TCON_BITS	equ	136
   679  0000                     _TMOD_BITS	equ	137


HI-TECH Software 8051 Macro Assembler V9.60                                Page 2
Symbol Table                                           Thu May 08 19:18:54 2025

       ?a_main 00020              _B 000F0              l2 0011C  
            l3 0012B              l4 00321              l5 00173  
            _P 000D0              l6 001A2              l8 0031E  
            l9 001A7             _B0 000F0             _B1 000F1  
           _B2 000F2             _B3 000F3             _B4 000F4  
           _B5 000F5             _B6 000F6             _A8 000A0  
           _B7 000F7             _A9 000A1             _F0 000D5  
           _AC 000D6             l10 00321             l11 00207  
           l12 001CA             l21 0025D             l13 00204  
           l22 00316             _EA 000AF             l23 00310  
           l15 001ED             l24 002BB             l16 00316  
           l25 0030E             l17 00277             l18 00232  
           l27 002E6             l19 00274             _P0 00080  
           l28 00316             _P1 00090             _P2 000A0  
           _P3 000B0             _IE 000A8             _T0 000B4  
           _T1 000B5             _ES 000AC             _CY 000D7  
           _IP 000B8             _RD 000B7             u10 00171  
           u11 0016F             u20 00192             _RI 00098  
           u30 001A2             u31 001A0             u40 001BE  
           _TI 00099             u41 001BC             u50 001ED  
           _PS 000BC             u19 00109             _OV 000D2  
           u60 00204             u61 00202             u29 00100  
           _SP 00081             u70 00217             u71 00215  
           u80 0025D             u90 00274             u91 00272  
           _WR 000B6         _B_BITS 000F0            _A10 000A2  
          _A11 000A3            _A12 000A4            _A13 000A5  
          _A14 000A6            _A15 000A7            _AD0 00080  
          _AD1 00081            _AD2 00082            _AD3 00083  
          _AD4 00084            _AD5 00085            _AD6 00086  
          _AD7 00087            _ACC 000E0            _P00 00080  
          _P01 00081            _P10 00090            _P02 00082  
          _P11 00091            _P03 00083            _P20 000A0  
          _P12 00092            _P04 00084            _P21 000A1  
          _P13 00093            _P05 00085            _P30 000B0  
          _P22 000A2            _P14 00094            _P06 00086  
          _P31 000B1            _P23 000A3            _P15 00095  
          _P07 00087            _P32 000B2            _P24 000A4  
          _P16 00096            _P33 000B3            _P25 000A5  
          _P17 00097            _P34 000B4            _P26 000A6  
          _P35 000B5            _P27 000A7            _P36 000B6  
          _P37 000B7            _IE0 00089            _IE1 0008B  
          _ET0 000A9            _ET1 000AB            _EX0 000A8  
          _EX1 000AA            _DPH 00083            _DPL 00082  
          _IT0 00088            _IT1 0008A            _RB8 0009A  
          u100 00296            u101 00294            u110 002E6  
          u120 0030E            u121 0030C            u130 0031E  
          _TF0 0008D            _TB8 0009B            _TF1 0008F  
          _TH0 0008C            _TH1 0008D            _SM0 0009F  
          _SM1 0009E            _TL0 0008A            _SM2 0009D  
          _PT0 000B9            _TL1 0008B            _PT1 000BB  
          _RS0 000D3            _RS1 000D4            _REN 0009C  
          _PX0 000B8            _PX1 000BA            _TR0 0008C  
          _TR1 0008E            _RXD 000B0            _PSW 000D0  
          _TXD 000B1        _P0_BITS 00080        _P1_BITS 00090  
      _P2_BITS 000A0        _P3_BITS 000B0        _IE_BITS 000A8  
     _ACC_BITS 000E0        _IP_BITS 000B8           f1410 00112  
         f1411 0011D           f1420 00121           f1412 00000  
         f1421 0012C           f1430 00131           f1422 00000  
         f1431 00322           f1432 00000           _ACC0 000E0  
         _ACC1 000E1           _ACC2 000E2           _ACC3 000E3  
         _ACC4 000E4           _ACC5 000E5           _ACC6 000E6  
         _ACC7 000E7  stack_internal 00001           _INT0 000B2  
         _INT1 000B3           _PCON 00087           _SCON 00098  
         _SBUF 00099           _TCON 00088           _TMOD 00089  
         _main 0012E       _PSW_BITS 000D0        _display 0011F  
        ldc_r5 0004F          _write 00110      _PCON_BITS 00087  
    _SCON_BITS 00098      _TCON_BITS 00088      _TMOD_BITS 00089  
