HI-TECH Software 8051-C Compiler V9.60

Linker command line:

--edf=C:\PROGRA~2\HI-TEC~1\HC51\lite\9.60\dat\en_msgs.txt \
  -h+C:\1\cuimp\3\name2\project1\project1.sym -z -Q8051AH -ol.obj \
  -MC:\1\cuimp\3\name2\project1\project1.map -E1 -ver=8051-C#V9.60 \
  -ACODE=00h-0FFFh -pvectors=00h \
  -prbit=0/20h,rbss,rdata/CODE,irdata/CODE,idata/rbss -pbss=XDATA/idata \
  -pdata=CODE+100h -pconst=CODE+100h -pstrings=CODE+100h -pnvram=bss,heap \
  C:\Users\user\AppData\Local\Temp\sd1s.obj \
  C:\1\cuimp\3\name2\project1\main_0.obj \
  C:\PROGRA~2\HI-TEC~1\HC51\lite\9.60\lib\51--nsc.lib 

Object code version is 3.8

Machine type is 8051AH

Call graph:

*start1 size 0,0 offset 0
*    _main size 0,12 offset 0
*        _display size 0,0 offset 12
*        _write size 0,0 offset 12

		Name          Link     Load   Length Selector Space Scale
C:\Users\user\AppData\Local\Temp\sd1s.obj
		vectors          0        0        3       0     0
		text            76       76       14       0     0
C:\1\cuimp\3\name2\project1\main_0.obj
		strings        100      100       10     100     0
		text           110      110      215     100     0

C:\PROGRA~2\HI-TEC~1\HC51\lite\9.60\lib\51--nsc.lib
ldc_byte.obj    text             3        3       73       0     0
powerup.obj     text            8A       8A        3       0     0

COMMON          rbss            20       20        C      20     1

TOTAL		Name          Link     Load   Length
	CLASS	CODE     
		vectors          0        0        3
		text            76       76       14
		strings        100      100       10
		text           110      110      215
		text             3        3       73
		text            8A       8A        3

	CLASS	DATA     
		rbss            20       20        C

	CLASS	XDATA    

	CLASS	BITSEG   



SEGMENTS	Name		Load	Length	 Top	Selector    Space Class

		vectors         000000	00008D	00008D	       0       0  CODE    
		rbit            000020	00000C	00002C	      20       1  BITSEG  
		data            000100	000225	000325	     100       0  CODE    


UNUSED ADDRESS RANGES

	CODE             08D-0FF
	                 325-FFF

                                  Symbol Table

?a_main        rbss    020  __Bbss         bss     02C
__Bidata       idata   02C  __Birdata      irdata  003
__Brbit        rbit    020  __Brdata       rdata   003
__Hbss         bss     02C  __Hcode        code    02C
__Hconst       const   100  __Hdata        data    100
__Hheap        heap    02C  __Hidata       idata   02C
__Hirdata      irdata  02C  __Hnvram       nvram   02C
__Hrbit        rbit    000  __Hrbss        rbss    02C
__Hrdata       rdata   02C  __Hstrings     strings 110
__Htext        text    02C  __Hvectors     vectors 003
__Lbss         bss     02C  __Lcode        code    02C
__Lconst       const   100  __Ldata        data    100
__Lheap        heap    02C  __Lidata       idata   02C
__Lirdata      irdata  02C  __Lnvram       nvram   02C
__Lrbit        rbit    000  __Lrbss        rbss    020
__Lrdata       rdata   02C  __Lstrings     strings 100
__Ltext        text    02C  __Lvectors     vectors 000
__S0           (abs)   325  _display       text    11F
_exit          text    087  _main          text    12E
_write         text    110  intlevel0      (abs)   000
intlevel1      (abs)   000  ldb_r0         text    012
ldb_r1         text    01F  ldb_r2         text    02C
ldb_r3         text    039  ldb_r4         text    046
ldb_r5         text    053  ldb_r6         text    060
ldb_r7         text    06D  ldc_byte       text    003
ldc_r0         text    00E  ldc_r1         text    01B
ldc_r2         text    028  ldc_r3         text    035
ldc_r4         text    042  ldc_r5         text    04F
ldc_r6         text    05C  ldc_r7         text    069
powerup        text    08A  small_model    (abs)   001
stack_internal (abs)   001  start          vectors 000
start1         text    076  
