HI-TECH Software 8051-C Compiler V9.60

Linker command line:

--edf=C:\PROGRA~2\HI-TEC~1\HC51\lite\9.60\dat\en_msgs.txt \
  -h+Z:\project1.sym -z -Q8051AH -ol.obj -MZ:\project1.map -E1 \
  -ver=8051-C#V9.60 -ACODE=00h-0FFFh -pvectors=00h \
  -prbit=0/20h,rbss,rdata/CODE,irdata/CODE,idata/rbss -pbss=XDATA/idata \
  -pdata=CODE+100h -pconst=CODE+100h -pstrings=CODE+100h -pnvram=bss,heap \
  C:\Users\class\AppData\Local\Temp\s1t0.obj Z:\main_0.obj \
  C:\PROGRA~2\HI-TEC~1\HC51\lite\9.60\lib\51--nsc.lib 

Object code version is 3.8

Machine type is 8051AH

Call graph:

*start1 size 0,0 offset 0
*    _main size 0,22 offset 0
*        _pp size 0,1 offset 22

		Name          Link     Load   Length Selector Space Scale
C:\Users\class\AppData\Local\Temp\s1t0.obj
		vectors          0        0        3       0     0
		text            CF       CF       14       0     0
Z:\main_0.obj   data           100      100       12     100     0
		text             3        3       CC       0     0

C:\PROGRA~2\HI-TEC~1\HC51\lite\9.60\lib\51--nsc.lib
powerup.obj     text            E3       E3        3       0     0
str_cops.obj    text           112      112       41     100     0

COMMON          rbss            20       20       17      20     1

TOTAL		Name          Link     Load   Length
	CLASS	CODE     
		vectors          0        0        3
		data           100      100       12
		text            CF       CF       14
		text             3        3       CC
		text            E3       E3        3
		text           112      112       41

	CLASS	DATA     
		rbss            20       20       17

	CLASS	XDATA    

	CLASS	BITSEG   



SEGMENTS	Name		Load	Length	 Top	Selector    Space Class

		vectors         000000	0000E6	0000E6	       0       0  CODE    
		rbit            000020	000017	000037	      20       1  BITSEG  
		data            000100	000053	000153	     100       0  CODE    


UNUSED ADDRESS RANGES

	CODE             0E6-0FF
	                 153-FFF

                                  Symbol Table

?a_main        rbss    020  ?a_pp          rbss    036
__Bbss         bss     037  __Bidata       idata   037
__Birdata      irdata  003  __Brbit        rbit    020
__Brdata       rdata   003  __Hbss         bss     037
__Hcode        code    037  __Hconst       const   100
__Hdata        data    112  __Hheap        heap    037
__Hidata       idata   037  __Hirdata      irdata  037
__Hnvram       nvram   037  __Hrbit        rbit    000
__Hrbss        rbss    037  __Hrdata       rdata   037
__Hstrings     strings 100  __Htext        text    037
__Hvectors     vectors 003  __Lbss         bss     037
__Lcode        code    037  __Lconst       const   100
__Ldata        data    100  __Lheap        heap    037
__Lidata       idata   037  __Lirdata      irdata  037
__Lnvram       nvram   037  __Lrbit        rbit    000
__Lrbss        rbss    020  __Lrdata       rdata   037
__Lstrings     strings 100  __Ltext        text    037
__Lvectors     vectors 000  __S0           (abs)   153
_exit          text    0E0  _main          text    027
_pp            text    003  intlevel0      (abs)   000
intlevel1      (abs)   000  powerup        text    0E3
small_model    (abs)   001  stack_internal (abs)   001
start          vectors 000  start1         text    0CF
str_copy       text    128  str_load       text    128
str_xcopy      text    112  strx_copy      text    128
strx_load      text    128  strx_xcopy     text    112
