HI-TECH Software 8051-C Compiler V9.60

Linker command line:

--edf=C:\PROGRA~2\HI-TEC~1\HC51\lite\9.60\dat\en_msgs.txt \
  -h+Z:\project1.sym -z -Q8051AH -ol.obj -MZ:\project1.map -E1 \
  -ver=8051-C#V9.60 -ACODE=00h-0FFFh -pvectors=00h \
  -prbit=0/20h,rbss,rdata/CODE,irdata/CODE,idata/rbss -pbss=XDATA/idata \
  -pdata=CODE+100h -pconst=CODE+100h -pstrings=CODE+100h -pnvram=bss,heap \
  C:\Users\pdeni\AppData\Local\Temp\s48s.obj Z:\main_0.obj \
  C:\PROGRA~2\HI-TEC~1\HC51\lite\9.60\lib\51--nsc.lib 

Object code version is 3.8

Machine type is 8051AH

Call graph:

*start1 size 0,0 offset 0
*    _main size 0,12 offset 0
*        _msec size 0,4 offset 12

		Name          Link     Load   Length Selector Space Scale
C:\Users\pdeni\AppData\Local\Temp\s48s.obj
		vectors          0        0        3       0     0
		text            E9       E9       14       0     0
Z:\main_0.obj   text             3        3       C8       0     0

C:\PROGRA~2\HI-TEC~1\HC51\lite\9.60\lib\51--nsc.lib
powerup.obj     text            FD       FD        3       0     0
mul.obj         text            CB       CB       1E       0     0

COMMON          rbss            20       20       10      20     1

TOTAL		Name          Link     Load   Length
	CLASS	CODE     
		vectors          0        0        3
		text            E9       E9       14
		text             3        3       C8
		text            FD       FD        3
		text            CB       CB       1E

	CLASS	DATA     
		rbss            20       20       10

	CLASS	XDATA    

	CLASS	BITSEG   



SEGMENTS	Name		Load	Length	 Top	Selector    Space Class

		vectors         000000	000100	000100	       0       0  CODE    
		rbit            000020	000010	000030	      20       1  BITSEG  


UNUSED ADDRESS RANGES

	CODE             100-FFF

                                  Symbol Table

?a_main        rbss    020  ?a_msec        rbss    02C
__Bbss         bss     030  __Bidata       idata   030
__Birdata      irdata  003  __Brbit        rbit    020
__Brdata       rdata   003  __Hbss         bss     030
__Hcode        code    030  __Hconst       const   100
__Hdata        data    100  __Hheap        heap    030
__Hidata       idata   030  __Hirdata      irdata  030
__Hnvram       nvram   030  __Hrbit        rbit    000
__Hrbss        rbss    030  __Hrdata       rdata   030
__Hstrings     strings 100  __Htext        text    030
__Hvectors     vectors 003  __Lbss         bss     030
__Lcode        code    030  __Lconst       const   100
__Ldata        data    100  __Lheap        heap    030
__Lidata       idata   030  __Lirdata      irdata  030
__Lnvram       nvram   030  __Lrbit        rbit    000
__Lrbss        rbss    020  __Lrdata       rdata   030
__Lstrings     strings 100  __Ltext        text    030
__Lvectors     vectors 000  __S0           (abs)   100
_exit          text    0FA  _main          text    053
_msec          text    003  awmul          text    0CB
intlevel0      (abs)   000  intlevel1      (abs)   000
lwmul          text    0CB  powerup        text    0FD
small_model    (abs)   001  stack_internal (abs)   001
start          vectors 000  start1         text    0E9
